// Jest Snapshot v1, https://goo.gl/fbAQLP

exports[`Index page should render without crashing 1`] = `<App />`;
